<html>
<body>
<pre>
<h1>µVision Build Log</h1>
<h2>Project:</h2>
D:\Company\Thang 9_2013\Tuan 4\Code STM32\10.Giao Tiep Voi EEPROM 24CXX\main.uvproj
Project File Date:  10/11/2013

<h2>Output:</h2>
Rebuild target '24CXX'
compiling core_cm3.c...
compiling system_stm32f10x.c...
assembling startup_stm32f10x_md.s...
compiling stm32f10x_gpio.c...
compiling stm32f10x_rcc.c...
compiling user_delay.c...
compiling user_gpio.c...
compiling main.c...
Main\main.c(24): warning:  #177-D: variable "Key" was declared but never referenced
compiling lcd16x2.c...
compiling key4x4.c...
compiling at24cxx.c...
compiling i2c.c...
linking...
Program Size: Code=4044 RO-data=268 RW-data=44 ZI-data=1636  
FromELF: creating hex file...
".\Obj\main.axf" - 0 Errors, 1 Warning(s).
