<html>
<body>
<pre>
<h1>µVision Build Log</h1>
<h2>Project:</h2>
D:\Company\Thang 9_2013\Tuan 4\Code STM32\9.Giao Tiep UART\main.uvproj
Project File Date:  10/11/2013

<h2>Output:</h2>
Rebuild target 'Giao Tiep USART'
compiling core_cm3.c...
compiling system_stm32f10x.c...
assembling startup_stm32f10x_md.s...
compiling stm32f10x_gpio.c...
compiling stm32f10x_rcc.c...
compiling stm32f10x_tim.c...
compiling misc.c...
compiling stm32f10x_usart.c...
compiling user_delay.c...
compiling user_gpio.c...
compiling user_timer.c...
compiling user_interrupt.c...
compiling user_nvic.c...
compiling user_usart.c...
compiling main.c...
Main\main.c(23): warning:  #177-D: variable "i" was declared but never referenced
linking...
Program Size: Code=9100 RO-data=268 RW-data=56 ZI-data=1632  
FromELF: creating hex file...
".\Obj\main.axf" - 0 Errors, 1 Warning(s).
