<html>
<body>
<pre>
<h1>µVision Build Log</h1>
<h2>Tool Versions:</h2>
IDE-Version: µVision V5.20.0.0
Copyright (C) 2016 ARM Ltd and ARM Germany GmbH. All rights reserved.
License Information: Johnny Dam, Dfamily, LIC=65IQD-8FBL6-LPVZV-P43NS-0EQBF-PDHID
 
Tool Versions:
Toolchain:       MDK-ARM Plus  Version: 5.20
Toolchain Path:  C:\Keilv5\ARM\ARMCC\Bin
C Compiler:      Armcc.exe V5.06 update 2 (build 183)
Assembler:       Armasm.exe V5.06 update 2 (build 183)
Linker/Locator:  ArmLink.exe V5.06 update 2 (build 183)
Library Manager: ArmAr.exe V5.06 update 2 (build 183)
Hex Converter:   FromElf.exe V5.06 update 2 (build 183)
CPU DLL:         SARMCM3.DLL V5.20
Dialog DLL:      DCM.DLL V1.13.7.0
Target DLL:      STLink\ST-LINKIII-KEIL_SWO.dll V2.0.18.0
Dialog DLL:      TCM.DLL V1.14.9.0
 
<h2>Project:</h2>
C:\Users\duand\Desktop\Bai11-DocNhietDoDS18B20\MDK-ARM\Bai11-DocNhietDoDS18B20.uvprojx
Project File Date:  09/10/2017

<h2>Output:</h2>
*** Using Compiler 'V5.06 update 2 (build 183)', folder: 'C:\Keilv5\ARM\ARMCC\Bin'
Build target 'Bai11-DocNhietDoDS18B20'
compiling ds18b20.c...
..\Inc\ds18b20.c(5): warning:  #177-D: variable "busy" was declared but never referenced
  	uint8_t busy=0, temp1, temp2;
..\Inc\ds18b20.c(6): warning:  #177-D: variable "timeOut" was declared but never referenced
  	uint16_t temp3, timeOut=0;	
..\Inc\ds18b20.c: 2 warnings, 0 errors
linking...
Program Size: Code=8344 RO-data=284 RW-data=16 ZI-data=1120  
"Bai11-DocNhietDoDS18B20\Bai11-DocNhietDoDS18B20.axf" - 0 Error(s), 2 Warning(s).

<h2>Software Packages used:</h2>

Package Vendor: ARM
                http://www.keil.com/pack/ARM.CMSIS.4.5.0.pack
                ARM::CMSIS:CORE:4.3.0
                CMSIS (Cortex Microcontroller Software Interface Standard)
   * Component: CORE Version: 4.3.0

<h2>Collection of Component include folders:</h2>
  C:\Users\duand\Desktop\Bai11-DocNhietDoDS18B20\MDK-ARM\RTE
  C:\Keilv5\ARM\PACK\ARM\CMSIS\4.5.0\CMSIS\Include
  C:\Keilv5\ARM\PACK\Keil\STM32F1xx_DFP\2.2.0\Device\Include

<h2>Collection of Component Files used:</h2>

   * Component: ARM::CMSIS:CORE:4.3.0
Build Time Elapsed:  00:00:02
</pre>
</body>
</html>
