<html>
<body>
<pre>
<h1>µVision Build Log</h1>
<h2>Project:</h2>
D:\Company\Thang 9_2013\Tuan 4\Code STM32\2. Dieu Khien Led 7 Thanh\main.uvproj
Project File Date:  09/30/2013

<h2>Output:</h2>
Rebuild target 'Led 7 Thanh'
compiling core_cm3.c...
compiling system_stm32f10x.c...
assembling startup_stm32f10x_md.s...
compiling stm32f10x_gpio.c...
compiling stm32f10x_rcc.c...
compiling user_delay.c...
compiling user_gpio.c...
compiling main.c...
linking...
Program Size: Code=3202 RO-data=278 RW-data=52 ZI-data=1636  
FromELF: creating hex file...
".\Obj\main.axf" - 0 Errors, 0 Warning(s).
