<html>
<body>
<pre>
<h1>µVision Build Log</h1>
<h2>Project:</h2>
D:\Company\Thang 9_2013\Tuan 4\Code STM32\4. Do ADC Hien Thi LCD\main.uvproj
Project File Date:  10/01/2013

<h2>Output:</h2>
Rebuild target 'Do ADC'
compiling core_cm3.c...
compiling system_stm32f10x.c...
assembling startup_stm32f10x_md.s...
compiling misc.c...
compiling stm32f10x_dma.c...
compiling stm32f10x_gpio.c...
compiling stm32f10x_rcc.c...
compiling stm32f10x_adc.c...
compiling user_delay.c...
compiling user_gpio.c...
compiling user_adc.c...
compiling user_dma.c...
compiling user_nvic.c...
compiling user_interrupt.c...
compiling main.c...
Main\main.c(85): warning:  #167-D: argument of type "uint8_t *" is incompatible with parameter of type "char *restrict"
compiling lcd16x2.c...
linking...
Program Size: Code=5632 RO-data=268 RW-data=44 ZI-data=1636  
FromELF: creating hex file...
".\Obj\main.axf" - 0 Errors, 1 Warning(s).
