<html>
<body>
<pre>
<h1>µVision Build Log</h1>
<h2>Project:</h2>
D:\Company\Thang 9_2013\Tuan 4\Code STM32\8.Giao Tiep Voi DS18B20\main.uvproj
Project File Date:  10/09/2013

<h2>Output:</h2>
Rebuild target 'DS18B20'
compiling core_cm3.c...
compiling system_stm32f10x.c...
assembling startup_stm32f10x_md.s...
compiling stm32f10x_gpio.c...
compiling stm32f10x_rcc.c...
compiling user_delay.c...
compiling user_gpio.c...
compiling main.c...
compiling lcd16x2.c...
compiling onewire.c...
compiling ds18b20.c...
linking...
Program Size: Code=9160 RO-data=444 RW-data=44 ZI-data=1636  
FromELF: creating hex file...
".\Obj\main.axf" - 0 Errors, 0 Warning(s).
